-- The C compiler identification is AppleClang 21.0.0.21000334
-- The CXX compiler identification is AppleClang 21.0.0.21000334
-- Detecting C compiler ABI info
-- Detecting C compiler ABI info - done
-- Check for working C compiler: /usr/bin/clang - skipped
-- Detecting C compile features
-- Detecting C compile features - done
-- Detecting CXX compiler ABI info
-- Detecting CXX compiler ABI info - done
-- Check for working CXX compiler: /usr/bin/clang++ - skipped
-- Detecting CXX compile features
-- Detecting CXX compile features - done
-- Building MLX for arm64 processor on Darwin
-- Found CCache: /nix/store/dfzsw6g4vas8kn00rj1micwfizg31mk6-home-manager-path/bin/ccache
-- Metal found /Applications/Xcode.app/Contents/Developer/Platforms/MacOSX.platform/Developer/SDKs/MacOSX.sdk/System/Library/Frameworks/Metal.framework
-- Building on macOS 26.6.2
-- Building with macOS 27.0 SDK
-- Building for macOS 14.0
-- Metal version: 310
-- Accelerate found /Applications/Xcode.app/Contents/Developer/Platforms/MacOSX.platform/Developer/SDKs/MacOSX.sdk/System/Library/Frameworks/Accelerate.framework
-- Downloading json
-- Using the multi-header code from /Users/yannick/Repos/mlx/build/_deps/json-src/include/
-- Downloading json for JACCL
-- Downloading gguflib
CMake Warning at mlx/backend/metal/kernels/CMakeLists.txt:179 (message):
  NAX kernels require Metal 4, macOS SDK >= 26.2, and
  MACOSX_DEPLOYMENT_TARGET >= 26.2 (SDK 27.0,
  CMAKE_OSX_DEPLOYMENT_TARGET=14.0).  Building without NAX kernels.


-- {fmt} version: 12.1.0
-- Build type: Release
-- Performing Test HAS_NULLPTR_WARNING
-- Performing Test HAS_NULLPTR_WARNING - Success
CMake Deprecation Warning at build/_deps/doctest-src/CMakeLists.txt:1 (cmake_minimum_required):
  Compatibility with CMake < 3.10 will be removed from a future version of
  CMake.

  Update the VERSION argument <min> value.  Or, use the <min>...<max> syntax
  to tell CMake that the project requires at least <min> but has been updated
  to work with policies introduced by <max> or earlier.


-- Configuring done (10.1s)
-- Generating done (0.2s)
-- Build files have been written to: /Users/yannick/Repos/mlx/build
